// Jest Snapshot v1, https://goo.gl/fbAQLP

exports[`The Question Detail Component the display element should not regress 1`] = `
<div>
  <h3
    className="mb-2"
  >
    title
  </h3>
  <div>
    <div
      className="mb-3"
    >
      <div>
        <code>
          hitchhiking
        </code>
      </div>
    </div>
    <p>
      body
    </p>
    <div>
      0
       Answers
    </div>
  </div>
</div>
`;
